2021-02-03 13:38:29,657 ERROR Failed: name 'self' is not defined
Traceback (most recent call last):
  File "<ipython-input-10-6d2f01b4c4de>", line 2, in <module>
    file_a_path = os.path.join(self.path,*location_path,'frame_%06d.tiff' %index_a)
NameError: name 'self' is not defined
2021-02-03 13:40:37,789 ERROR Failed: [Errno 2] No such file or directory: 'abc.txt'
Traceback (most recent call last):
  File "<ipython-input-13-2b99e0e6d84a>", line 3, in <module>
    with open(file_a_path) as f:
FileNotFoundError: [Errno 2] No such file or directory: 'abc.txt'
2021-02-03 13:48:21,558 ERROR Division by zero is not possible
Traceback (most recent call last):
  File "<ipython-input-16-41356b58271d>", line 3, in cal
    result = a/b
ZeroDivisionError: division by zero
